Uninstalled 1 package in 3ms
Installed 1 package in 6ms
Traceback (most recent call last):
  File "<frozen runpy>", line 198, in _run_module_as_main
  File "<frozen runpy>", line 88, in _run_code
  File "/Users/mac/PycharmProjects/langflow/src/backend/base/langflow/__main__.py", line 29, in <module>
    from langflow.initial_setup.setup import get_or_create_default_folder
  File "/Users/mac/PycharmProjects/langflow/src/backend/base/langflow/initial_setup/setup.py", line 36, in <module>
    from langflow.services.auth.utils import create_super_user
  File "/Users/mac/PycharmProjects/langflow/src/backend/base/langflow/services/__init__.py", line 1, in <module>
    from .manager import service_manager
  File "/Users/mac/PycharmProjects/langflow/src/backend/base/langflow/services/manager.py", line 131, in <module>
    service_manager = ServiceManager()
                      ^^^^^^^^^^^^^^^^
  File "/Users/mac/PycharmProjects/langflow/src/backend/base/langflow/services/manager.py", line 27, in __init__
    self.register_factories()
  File "/Users/mac/PycharmProjects/langflow/src/backend/base/langflow/services/manager.py", line 31, in register_factories
    for factory in self.get_factories():
                   ^^^^^^^^^^^^^^^^^^^^
  File "/Users/mac/PycharmProjects/langflow/src/backend/base/langflow/services/manager.py", line 120, in get_factories
    factories.append(obj())
                     ^^^^^
  File "/Users/mac/PycharmProjects/langflow/src/backend/base/langflow/services/auth/factory.py", line 11, in __init__
    super().__init__(AuthService)
  File "/Users/mac/PycharmProjects/langflow/src/backend/base/langflow/services/factory.py", line 20, in __init__
    self.dependencies = infer_service_types(self, import_all_services_into_a_dict())
                                                  ^^^^^^^^^^^^^^^^^^^^^^^^^^^^^^^^^
  File "/Users/mac/PycharmProjects/langflow/.venv/lib/python3.11/site-packages/cachetools/_decorators.py", line 117, in wrapper
    v = func(*args, **kwargs)
        ^^^^^^^^^^^^^^^^^^^^^
  File "/Users/mac/PycharmProjects/langflow/src/backend/base/langflow/services/factory.py", line 76, in import_all_services_into_a_dict
    module = importlib.import_module(module_name)
             ^^^^^^^^^^^^^^^^^^^^^^^^^^^^^^^^^^^^
  File "/Library/Frameworks/Python.framework/Versions/3.11/lib/python3.11/importlib/__init__.py", line 126, in import_module
    return _bootstrap._gcd_import(name[level:], package, level)
           ^^^^^^^^^^^^^^^^^^^^^^^^^^^^^^^^^^^^^^^^^^^^^^^^^^^^
  File "/Users/mac/PycharmProjects/langflow/src/backend/base/langflow/services/database/service.py", line 28, in <module>
    from langflow.services.database import models
  File "/Users/mac/PycharmProjects/langflow/src/backend/base/langflow/services/database/models/__init__.py", line 1, in <module>
    from .api_key import ApiKey
  File "/Users/mac/PycharmProjects/langflow/src/backend/base/langflow/services/database/models/api_key/__init__.py", line 1, in <module>
    from .model import ApiKey, ApiKeyCreate, ApiKeyRead, UnmaskedApiKeyRead
  File "/Users/mac/PycharmProjects/langflow/src/backend/base/langflow/services/database/models/api_key/model.py", line 8, in <module>
    from langflow.schema.serialize import UUIDstr
  File "/Users/mac/PycharmProjects/langflow/src/backend/base/langflow/schema/__init__.py", line 2, in <module>
    from .dataframe import DataFrame
  File "/Users/mac/PycharmProjects/langflow/src/backend/base/langflow/schema/dataframe.py", line 8, in <module>
    from langflow.schema.message import Message
  File "/Users/mac/PycharmProjects/langflow/src/backend/base/langflow/schema/message.py", line 15, in <module>
    from langchain_core.prompts.chat import BaseChatPromptTemplate, ChatPromptTemplate
  File "/Users/mac/PycharmProjects/langflow/.venv/lib/python3.11/site-packages/langchain_core/prompts/chat.py", line 39, in <module>
    from langchain_core.prompts.base import BasePromptTemplate
  File "/Users/mac/PycharmProjects/langflow/.venv/lib/python3.11/site-packages/langchain_core/prompts/base.py", line 28, in <module>
    from langchain_core.output_parsers.base import BaseOutputParser
  File "/Users/mac/PycharmProjects/langflow/.venv/lib/python3.11/site-packages/langchain_core/output_parsers/base.py", line 18, in <module>
    from langchain_core.language_models import LanguageModelOutput
  File "<frozen importlib._bootstrap>", line 1229, in _handle_fromlist
  File "/Users/mac/PycharmProjects/langflow/.venv/lib/python3.11/site-packages/langchain_core/language_models/__init__.py", line 111, in __getattr__
    result = import_attr(attr_name, module_name, __spec__.parent)
             ^^^^^^^^^^^^^^^^^^^^^^^^^^^^^^^^^^^^^^^^^^^^^^^^^^^^
  File "/Users/mac/PycharmProjects/langflow/.venv/lib/python3.11/site-packages/langchain_core/_import_utils.py", line 29, in import_attr
    module = import_module(f".{module_name}", package=package)
             ^^^^^^^^^^^^^^^^^^^^^^^^^^^^^^^^^^^^^^^^^^^^^^^^^
  File "/Library/Frameworks/Python.framework/Versions/3.11/lib/python3.11/importlib/__init__.py", line 126, in import_module
    return _bootstrap._gcd_import(name[level:], package, level)
           ^^^^^^^^^^^^^^^^^^^^^^^^^^^^^^^^^^^^^^^^^^^^^^^^^^^^
  File "/Users/mac/PycharmProjects/langflow/.venv/lib/python3.11/site-packages/langchain_core/language_models/base.py", line 33, in <module>
    from langchain_core.utils import get_pydantic_field_names
  File "<frozen importlib._bootstrap>", line 1229, in _handle_fromlist
  File "/Users/mac/PycharmProjects/langflow/.venv/lib/python3.11/site-packages/langchain_core/utils/__init__.py", line 101, in __getattr__
    result = import_attr(attr_name, module_name, __spec__.parent)
             ^^^^^^^^^^^^^^^^^^^^^^^^^^^^^^^^^^^^^^^^^^^^^^^^^^^^
  File "/Users/mac/PycharmProjects/langflow/.venv/lib/python3.11/site-packages/langchain_core/_import_utils.py", line 29, in import_attr
    module = import_module(f".{module_name}", package=package)
             ^^^^^^^^^^^^^^^^^^^^^^^^^^^^^^^^^^^^^^^^^^^^^^^^^
  File "/Library/Frameworks/Python.framework/Versions/3.11/lib/python3.11/importlib/__init__.py", line 126, in import_module
    return _bootstrap._gcd_import(name[level:], package, level)
           ^^^^^^^^^^^^^^^^^^^^^^^^^^^^^^^^^^^^^^^^^^^^^^^^^^^^
  File "/Users/mac/PycharmProjects/langflow/.venv/lib/python3.11/site-packages/langchain_core/utils/utils.py", line 15, in <module>
    from requests import HTTPError, Response
  File "/Users/mac/PycharmProjects/langflow/.venv/lib/python3.11/site-packages/requests/__init__.py", line 43, in <module>
    import urllib3
  File "/Users/mac/PycharmProjects/langflow/.venv/lib/python3.11/site-packages/urllib3/__init__.py", line 15, in <module>
    from ._base_connection import _TYPE_BODY
  File "/Users/mac/PycharmProjects/langflow/.venv/lib/python3.11/site-packages/urllib3/_base_connection.py", line 19, in <module>
    class _ResponseOptions(typing.NamedTuple):
  File "/Library/Frameworks/Python.framework/Versions/3.11/lib/python3.11/typing.py", line 2927, in __new__
    nm_tpl = _make_nmtuple(typename, types.items(),
             ^^^^^^^^^^^^^^^^^^^^^^^^^^^^^^^^^^^^^^
  File "/Library/Frameworks/Python.framework/Versions/3.11/lib/python3.11/typing.py", line 2893, in _make_nmtuple
    types = {n: _type_check(t, f"field {n} annotation must be a type")
            ^^^^^^^^^^^^^^^^^^^^^^^^^^^^^^^^^^^^^^^^^^^^^^^^^^^^^^^^^^
  File "/Library/Frameworks/Python.framework/Versions/3.11/lib/python3.11/typing.py", line 2893, in <dictcomp>
    types = {n: _type_check(t, f"field {n} annotation must be a type")
                ^^^^^^^^^^^^^^^^^^^^^^^^^^^^^^^^^^^^^^^^^^^^^^^^^^^^^^
  File "/Library/Frameworks/Python.framework/Versions/3.11/lib/python3.11/typing.py", line 186, in _type_check
    arg = _type_convert(arg, module=module, allow_special_forms=allow_special_forms)
          ^^^^^^^^^^^^^^^^^^^^^^^^^^^^^^^^^^^^^^^^^^^^^^^^^^^^^^^^^^^^^^^^^^^^^^^^^^
  File "/Library/Frameworks/Python.framework/Versions/3.11/lib/python3.11/typing.py", line 164, in _type_convert
    return ForwardRef(arg, module=module, is_class=allow_special_forms)
           ^^^^^^^^^^^^^^^^^^^^^^^^^^^^^^^^^^^^^^^^^^^^^^^^^^^^^^^^^^^^
  File "/Library/Frameworks/Python.framework/Versions/3.11/lib/python3.11/typing.py", line 878, in __init__
    code = compile(arg_to_compile, '<string>', 'eval')
           ^^^^^^^^^^^^^^^^^^^^^^^^^^^^^^^^^^^^^^^^^^^
KeyboardInterrupt
